// Jest Snapshot v1, https://goo.gl/fbAQLP

exports[`App matches snapshot 1`] = `ShallowWrapper {}`;

exports[`Home Page loaded correctly 1`] = `ShallowWrapper {}`;
